127.0.0.1 - - [14/Feb/2024:12:09:05 +0900] "GET / HTTP/1.1" 404 807
0:0:0:0:0:0:0:1 - - [14/Feb/2024:12:09:16 +0900] "GET /webTest4/abc HTTP/1.1" 200 -
0:0:0:0:0:0:0:1 - - [14/Feb/2024:12:09:16 +0900] "GET /favicon.ico HTTP/1.1" 404 818
127.0.0.1 - - [14/Feb/2024:12:09:35 +0900] "GET / HTTP/1.1" 404 807
0:0:0:0:0:0:0:1 - - [14/Feb/2024:12:09:52 +0900] "GET /webTest4/servlettest1 HTTP/1.1" 200 7
127.0.0.1 - - [14/Feb/2024:12:11:35 +0900] "GET / HTTP/1.1" 404 807
0:0:0:0:0:0:0:1 - - [14/Feb/2024:12:11:39 +0900] "GET /webTest4/servlettest1 HTTP/1.1" 200 8
127.0.0.1 - - [14/Feb/2024:12:13:10 +0900] "GET / HTTP/1.1" 404 807
0:0:0:0:0:0:0:1 - - [14/Feb/2024:12:13:15 +0900] "GET /webTest4/servlettest1 HTTP/1.1" 200 59
127.0.0.1 - - [14/Feb/2024:12:16:56 +0900] "GET / HTTP/1.1" 404 807
0:0:0:0:0:0:0:1 - - [14/Feb/2024:12:17:02 +0900] "GET /webTest4/servlettest1 HTTP/1.1" 200 63
0:0:0:0:0:0:0:1 - - [14/Feb/2024:12:17:04 +0900] "GET /webTest4/servlettest1 HTTP/1.1" 200 63
127.0.0.1 - - [14/Feb/2024:12:23:44 +0900] "GET / HTTP/1.1" 404 807
0:0:0:0:0:0:0:1 - - [14/Feb/2024:12:23:48 +0900] "GET /webTest4/servlettest1 HTTP/1.1" 200 139
0:0:0:0:0:0:0:1 - - [14/Feb/2024:12:23:49 +0900] "GET /webTest4/servlettest1 HTTP/1.1" 200 139
127.0.0.1 - - [14/Feb/2024:12:36:47 +0900] "GET / HTTP/1.1" 404 807
0:0:0:0:0:0:0:1 - - [14/Feb/2024:12:36:53 +0900] "GET /webTest4/servlettest1 HTTP/1.1" 200 151
127.0.0.1 - - [14/Feb/2024:14:41:26 +0900] "GET / HTTP/1.1" 404 807
0:0:0:0:0:0:0:1 - - [14/Feb/2024:14:41:42 +0900] "GET /webTest4/babo HTTP/1.1" 200 151
0:0:0:0:0:0:0:1 - - [14/Feb/2024:14:41:49 +0900] "GET /webTest4/chrome.css.map HTTP/1.1" 404 834
0:0:0:0:0:0:0:1 - - [14/Feb/2024:14:41:55 +0900] "GET /webTest4/babo HTTP/1.1" 200 151
0:0:0:0:0:0:0:1 - - [14/Feb/2024:14:41:58 +0900] "GET /webTest4/babo2 HTTP/1.1" 200 151
127.0.0.1 - - [14/Feb/2024:14:50:41 +0900] "GET / HTTP/1.1" 404 807
0:0:0:0:0:0:0:1 - - [14/Feb/2024:14:51:04 +0900] "GET /webTest5/excercise1 HTTP/1.1" 200 138
0:0:0:0:0:0:0:1 - - [14/Feb/2024:14:51:08 +0900] "GET /webTest5/excercise2 HTTP/1.1" 500 3552
127.0.0.1 - - [14/Feb/2024:14:51:24 +0900] "GET / HTTP/1.1" 404 807
0:0:0:0:0:0:0:1 - - [14/Feb/2024:14:51:33 +0900] "GET /webTest5/excercise2 HTTP/1.1" 500 3552
0:0:0:0:0:0:0:1 - - [14/Feb/2024:14:51:35 +0900] "GET /webTest5/excercise2 HTTP/1.1" 404 721
0:0:0:0:0:0:0:1 - - [14/Feb/2024:14:51:42 +0900] "GET /webTest5/excercise1 HTTP/1.1" 200 138
127.0.0.1 - - [14/Feb/2024:14:51:59 +0900] "GET / HTTP/1.1" 404 807
0:0:0:0:0:0:0:1 - - [14/Feb/2024:14:52:01 +0900] "GET /webTest5/excercise1 HTTP/1.1" 200 138
0:0:0:0:0:0:0:1 - - [14/Feb/2024:14:52:05 +0900] "GET /webTest5/excercise2 HTTP/1.1" 200 138
127.0.0.1 - - [14/Feb/2024:14:52:35 +0900] "GET / HTTP/1.1" 404 807
0:0:0:0:0:0:0:1 - - [14/Feb/2024:14:52:39 +0900] "GET /webTest5/excercise2 HTTP/1.1" 200 156
127.0.0.1 - - [14/Feb/2024:15:08:28 +0900] "GET / HTTP/1.1" 404 807
0:0:0:0:0:0:0:1 - - [14/Feb/2024:15:08:57 +0900] "GET /webTest4/jspTest1.jsp HTTP/1.1" 200 152
127.0.0.1 - - [14/Feb/2024:16:52:15 +0900] "GET / HTTP/1.1" 404 807
0:0:0:0:0:0:0:1 - - [14/Feb/2024:16:52:40 +0900] "GET /project06/login.html HTTP/1.1" 200 219
127.0.0.1 - - [14/Feb/2024:16:53:23 +0900] "GET / HTTP/1.1" 404 807
0:0:0:0:0:0:0:1 - - [14/Feb/2024:16:53:32 +0900] "GET /project06/login.html HTTP/1.1" 200 249
0:0:0:0:0:0:0:1 - - [14/Feb/2024:16:54:24 +0900] "GET /project06/login.html HTTP/1.1" 200 263
127.0.0.1 - - [14/Feb/2024:17:01:35 +0900] "GET / HTTP/1.1" 404 807
0:0:0:0:0:0:0:1 - - [14/Feb/2024:17:01:39 +0900] "GET /project06/login.html HTTP/1.1" 200 280
0:0:0:0:0:0:0:1 - - [14/Feb/2024:17:01:40 +0900] "GET /project06/login.html? HTTP/1.1" 200 280
0:0:0:0:0:0:0:1 - - [14/Feb/2024:17:01:53 +0900] "GET /project06/login.html? HTTP/1.1" 304 -
127.0.0.1 - - [14/Feb/2024:17:03:53 +0900] "GET / HTTP/1.1" 404 807
0:0:0:0:0:0:0:1 - - [14/Feb/2024:17:04:07 +0900] "GET /project06/login.html? HTTP/1.1" 200 308
0:0:0:0:0:0:0:1 - - [14/Feb/2024:17:04:37 +0900] "GET /project06/login.html? HTTP/1.1" 304 -
0:0:0:0:0:0:0:1 - - [14/Feb/2024:17:04:40 +0900] "GET /project06/login.html?id=&password= HTTP/1.1" 200 308
0:0:0:0:0:0:0:1 - - [14/Feb/2024:17:04:51 +0900] "GET /project06/login.html?id=hyh&password= HTTP/1.1" 200 308
0:0:0:0:0:0:0:1 - - [14/Feb/2024:17:04:53 +0900] "GET /project06/login.html?id=&password= HTTP/1.1" 304 -
127.0.0.1 - - [14/Feb/2024:17:09:47 +0900] "GET / HTTP/1.1" 404 807
0:0:0:0:0:0:0:1 - - [14/Feb/2024:17:10:01 +0900] "GET /project06/login.html HTTP/1.1" 200 314
0:0:0:0:0:0:0:1 - - [14/Feb/2024:17:10:12 +0900] "GET /project06/login.html?id=hyh&password=1234 HTTP/1.1" 200 314
0:0:0:0:0:0:0:1 - - [14/Feb/2024:17:10:13 +0900] "GET /project06/login.html?id=&password= HTTP/1.1" 200 314
127.0.0.1 - - [14/Feb/2024:17:10:41 +0900] "GET / HTTP/1.1" 404 807
0:0:0:0:0:0:0:1 - - [14/Feb/2024:17:10:45 +0900] "GET /project06/login.html?id=&password= HTTP/1.1" 304 -
0:0:0:0:0:0:0:1 - - [14/Feb/2024:17:10:51 +0900] "GET /project06/login.html?id=&password= HTTP/1.1" 304 -
0:0:0:0:0:0:0:1 - - [14/Feb/2024:17:10:55 +0900] "GET /project06/login.html?id=hyh&password=1234 HTTP/1.1" 304 -
127.0.0.1 - - [14/Feb/2024:17:11:26 +0900] "GET / HTTP/1.1" 404 807
0:0:0:0:0:0:0:1 - - [14/Feb/2024:17:11:37 +0900] "GET /project06/login.html?id=hyh&password=1234 HTTP/1.1" 200 313
0:0:0:0:0:0:0:1 - - [14/Feb/2024:17:11:38 +0900] "GET /project06/loginservlet?id=&password= HTTP/1.1" 200 -
127.0.0.1 - - [14/Feb/2024:17:12:27 +0900] "GET / HTTP/1.1" 404 807
0:0:0:0:0:0:0:1 - - [14/Feb/2024:17:12:32 +0900] "GET /project06/loginservlet?id=&password= HTTP/1.1" 200 -
0:0:0:0:0:0:0:1 - - [14/Feb/2024:17:12:36 +0900] "GET /project06/loginservlet?id=&password= HTTP/1.1" 200 -
0:0:0:0:0:0:0:1 - - [14/Feb/2024:17:12:42 +0900] "GET /project06/loginservlet? HTTP/1.1" 200 -
0:0:0:0:0:0:0:1 - - [14/Feb/2024:17:12:45 +0900] "GET /project06/loginservlet HTTP/1.1" 200 -
0:0:0:0:0:0:0:1 - - [14/Feb/2024:17:13:07 +0900] "GET /project06/loginservlet HTTP/1.1" 200 -
0:0:0:0:0:0:0:1 - - [14/Feb/2024:17:13:21 +0900] "GET /project06/login.html HTTP/1.1" 200 310
0:0:0:0:0:0:0:1 - - [14/Feb/2024:17:13:29 +0900] "GET /project06/loginservlet?id=hyh&password=1234 HTTP/1.1" 200 -
0:0:0:0:0:0:0:1 - - [14/Feb/2024:17:25:47 +0900] "GET /project06/loginservlet?id=hyh&password=1234 HTTP/1.1" 200 -
127.0.0.1 - - [14/Feb/2024:17:27:23 +0900] "GET / HTTP/1.1" 404 807
0:0:0:0:0:0:0:1 - - [14/Feb/2024:17:27:29 +0900] "GET /project06/login.html HTTP/1.1" 200 324
0:0:0:0:0:0:0:1 - - [14/Feb/2024:17:27:35 +0900] "POST /project06/loginservlet HTTP/1.1" 200 -
0:0:0:0:0:0:0:1 - - [14/Feb/2024:17:28:07 +0900] "POST /project06/loginservlet HTTP/1.1" 200 -
127.0.0.1 - - [14/Feb/2024:17:37:41 +0900] "GET / HTTP/1.1" 404 807
0:0:0:0:0:0:0:1 - - [14/Feb/2024:17:37:50 +0900] "POST /project06/loginservlet HTTP/1.1" 200 -
127.0.0.1 - - [14/Feb/2024:17:39:00 +0900] "GET / HTTP/1.1" 404 807
0:0:0:0:0:0:0:1 - - [14/Feb/2024:17:39:03 +0900] "GET /project06/login.html HTTP/1.1" 200 427
0:0:0:0:0:0:0:1 - - [14/Feb/2024:17:39:07 +0900] "POST /project06/loginservlet HTTP/1.1" 200 -
127.0.0.1 - - [14/Feb/2024:17:41:00 +0900] "GET / HTTP/1.1" 404 807
0:0:0:0:0:0:0:1 - - [14/Feb/2024:17:41:04 +0900] "GET /project06/login.html HTTP/1.1" 304 -
0:0:0:0:0:0:0:1 - - [14/Feb/2024:17:41:10 +0900] "POST /project06/loginservlet HTTP/1.1" 200 -
0:0:0:0:0:0:0:1 - - [14/Feb/2024:17:43:15 +0900] "GET /project06/login.html HTTP/1.1" 304 -
0:0:0:0:0:0:0:1 - - [14/Feb/2024:17:43:19 +0900] "POST /project06/loginservlet HTTP/1.1" 200 27
0:0:0:0:0:0:0:1 - - [14/Feb/2024:17:43:30 +0900] "POST /project06/loginservlet HTTP/1.1" 200 28
0:0:0:0:0:0:0:1 - - [14/Feb/2024:17:44:52 +0900] "GET /project06/login.html HTTP/1.1" 304 -
0:0:0:0:0:0:0:1 - - [14/Feb/2024:17:44:55 +0900] "POST /project06/loginservlet HTTP/1.1" 200 28
127.0.0.1 - - [14/Feb/2024:17:46:25 +0900] "GET / HTTP/1.1" 404 807
0:0:0:0:0:0:0:1 - - [14/Feb/2024:17:46:29 +0900] "POST /project06/loginservlet HTTP/1.1" 200 156
127.0.0.1 - - [14/Feb/2024:18:04:33 +0900] "GET / HTTP/1.1" 404 807
0:0:0:0:0:0:0:1 - - [14/Feb/2024:18:04:35 +0900] "GET /project06/login.html HTTP/1.1" 200 591
0:0:0:0:0:0:0:1 - - [14/Feb/2024:18:05:01 +0900] "GET /project06/login.html HTTP/1.1" 200 583
0:0:0:0:0:0:0:1 - - [14/Feb/2024:18:05:04 +0900] "GET /project06/login.html HTTP/1.1" 304 -
127.0.0.1 - - [14/Feb/2024:18:05:11 +0900] "GET / HTTP/1.1" 404 807
0:0:0:0:0:0:0:1 - - [14/Feb/2024:18:05:28 +0900] "GET /project06/login.html HTTP/1.1" 200 584
0:0:0:0:0:0:0:1 - - [14/Feb/2024:18:05:32 +0900] "GET /project06/login.html HTTP/1.1" 304 -
0:0:0:0:0:0:0:1 - - [14/Feb/2024:18:05:32 +0900] "GET /project06/login.html HTTP/1.1" 304 -
127.0.0.1 - - [14/Feb/2024:18:11:10 +0900] "GET / HTTP/1.1" 404 807
0:0:0:0:0:0:0:1 - - [14/Feb/2024:18:11:21 +0900] "GET /project06/login.html HTTP/1.1" 200 724
